2026-08-26 17:47:43,958 [INFO] GATE A_GATE64_SAFE        d-pass | Up 0.680 mom=+0.070 | PASS
2026-08-26 17:47:43,959 [INFO] BUY A_GATE64_SAFE        ENTRY   Up   | 5.00sh @ 0.6800 fee=0.0762 | cash 500.00 -> 496.52
2026-08-26 17:47:43,961 [INFO] GATE B_GATE64_SAFE_SL30   d-pass | Up 0.680 mom=+0.070 | PASS
2026-08-26 17:47:43,962 [INFO] BUY B_GATE64_SAFE_SL30   ENTRY   Up   | 5.00sh @ 0.6800 fee=0.0762 | cash 500.00 -> 496.52
2026-08-26 17:47:43,964 [INFO] BUY A_GATE64_SAFE        PYRAMID Up   | 10.00sh @ 0.7600 fee=0.1277 | cash 496.52 -> 488.80
2026-08-26 17:47:43,967 [INFO] BUY B_GATE64_SAFE_SL30   PYRAMID Up   | 10.00sh @ 0.7600 fee=0.1277 | cash 496.52 -> 488.80
2026-08-26 17:47:43,983 [WARNING] STOP TRIGGER B_GATE64_SAFE_SL30   d-pass | Up best_bid=0.300 <= 0.300 | remaining=15.00
2026-08-26 17:47:43,985 [WARNING] STOP SELL B_GATE64_SAFE_SL30   d-pass | 15.00sh @ 0.3000 fee=0.2205 net=4.2795 | left=0.00 | cash 488.80 -> 493.08
2026-08-26 17:47:43,993 [INFO] RESOLVED d-pass | A / SAFE NO STOP: +3.80 | cash $503.80 | B / SAFE STOP 0.30: -6.92 | cash $493.08 | STOP
2026-08-26 17:47:44,016 [INFO] GATE A_GATE64_SAFE        d-skip | Up 0.620 mom=+0.120 | SKIP SAFE_PRICE_LOW
2026-08-26 17:47:44,018 [INFO] GATE B_GATE64_SAFE_SL30   d-skip | Up 0.620 mom=+0.120 | SKIP SAFE_PRICE_LOW
GATE64 SAFE A/B + STOP 0.30 regression: OK
